[     664ms] [ERROR] FlyDataAuthTask error: USERKEY_PLAT_NOMATCH @ https://webapi.amap.com/maps?callback=___onAPILoaded&v=2.0&key=30df485f0872725106bacd290344efd5&plugin=AMap.ToolBar,AMap.Scale,AMap.Geolocation,AMap.PlaceSearch,AMap.Geocoder:0
[     856ms] Uncaught Error: Unimplemented type: 3
    at wA (https://webapi.amap.com/maps?callback=___onAPILoaded&v=2.0&key=30df485f0872725106bacd290344efd5&plugin=AMap.ToolBar,AMap.Scale,AMap.Geolocation,AMap.PlaceSearch,AMap.Geocoder:0:318529)
    at nw (https://webapi.amap.com/maps?callback=___onAPILoaded&v=2.0&key=30df485f0872725106bacd290344efd5&plugin=AMap.ToolBar,AMap.Scale,AMap.Geolocation,AMap.PlaceSearch,AMap.Geocoder:0:315803)
    at read (https://webapi.amap.com/maps?callback=___onAPILoaded&v=2.0&key=30df485f0872725106bacd290344efd5&plugin=AMap.ToolBar,AMap.Scale,AMap.Geolocation,AMap.PlaceSearch,AMap.Geocoder:0:346549)
    at decodeStyle (https://webapi.amap.com/maps?callback=___onAPILoaded&v=2.0&key=30df485f0872725106bacd290344efd5&plugin=AMap.ToolBar,AMap.Scale,AMap.Geolocation,AMap.PlaceSearch,AMap.Geocoder:0:386807)
    at <anonymous> (https://webapi.amap.com/maps?callback=___onAPILoaded&v=2.0&key=30df485f0872725106bacd290344efd5&plugin=AMap.ToolBar,AMap.Scale,AMap.Geolocation,AMap.PlaceSearch,AMap.Geocoder:0:718484)
    at Ajax.window.XMLHttpRequest.window.wv.onreadystatechange (https://webapi.amap.com/maps?callback=___onAPILoaded&v=2.0&key=30df485f0872725106bacd290344efd5&plugin=AMap.ToolBar,AMap.Scale,AMap.Geolocation,AMap.PlaceSearch,AMap.Geocoder:0:636281)
[   39560ms] [ERROR] Failed to load resource: the server responded with a status of 500 (Internal Server Error) @ http://localhost:5173/api/auth/me:0
[   39561ms] [ERROR] 获取用户信息失败: AxiosError: Request failed with status code 500
    at settle (http://localhost:5173/node_modules/.vite/deps/axios.js?v=26cc95c0:1281:12)
    at XMLHttpRequest.onloadend (http://localhost:5173/node_modules/.vite/deps/axios.js?v=26cc95c0:1638:7)
    at Axios.request (http://localhost:5173/node_modules/.vite/deps/axios.js?v=26cc95c0:2255:41)
    at async getCurrentUser (http://localhost:5173/src/api/user.ts?t=1771489465982:42:20)
    at async loadUserInfo (http://localhost:5173/src/views/profile/ProfilePage.vue:48:22) @ http://localhost:5173/src/views/profile/ProfilePage.vue:53
[   39647ms] [ERROR] FlyDataAuthTask error: USERKEY_PLAT_NOMATCH @ https://webapi.amap.com/maps?callback=___onAPILoaded&v=2.0&key=30df485f0872725106bacd290344efd5&plugin=AMap.ToolBar,AMap.Scale,AMap.Geolocation,AMap.PlaceSearch,AMap.Geocoder:0
[   39688ms] Uncaught Error: Unimplemented type: 3
    at wA (https://webapi.amap.com/maps?callback=___onAPILoaded&v=2.0&key=30df485f0872725106bacd290344efd5&plugin=AMap.ToolBar,AMap.Scale,AMap.Geolocation,AMap.PlaceSearch,AMap.Geocoder:0:318529)
    at nw (https://webapi.amap.com/maps?callback=___onAPILoaded&v=2.0&key=30df485f0872725106bacd290344efd5&plugin=AMap.ToolBar,AMap.Scale,AMap.Geolocation,AMap.PlaceSearch,AMap.Geocoder:0:315803)
    at read (https://webapi.amap.com/maps?callback=___onAPILoaded&v=2.0&key=30df485f0872725106bacd290344efd5&plugin=AMap.ToolBar,AMap.Scale,AMap.Geolocation,AMap.PlaceSearch,AMap.Geocoder:0:346549)
    at decodeStyle (https://webapi.amap.com/maps?callback=___onAPILoaded&v=2.0&key=30df485f0872725106bacd290344efd5&plugin=AMap.ToolBar,AMap.Scale,AMap.Geolocation,AMap.PlaceSearch,AMap.Geocoder:0:386807)
    at <anonymous> (https://webapi.amap.com/maps?callback=___onAPILoaded&v=2.0&key=30df485f0872725106bacd290344efd5&plugin=AMap.ToolBar,AMap.Scale,AMap.Geolocation,AMap.PlaceSearch,AMap.Geocoder:0:718484)
    at Ajax.window.XMLHttpRequest.window.wv.onreadystatechange (https://webapi.amap.com/maps?callback=___onAPILoaded&v=2.0&key=30df485f0872725106bacd290344efd5&plugin=AMap.ToolBar,AMap.Scale,AMap.Geolocation,AMap.PlaceSearch,AMap.Geocoder:0:636281)
